 
****************************************
Report : constraint
        -all_violators
        -verbose
Design : dist_sort
Version: V-2023.12-SP5
Date   : Mon Nov 25 20:13:56 2024
****************************************


  Startpoint: in_valid (input port clocked by clk)
  Endpoint: out_valid_reg
            (rising edge-triggered flip-flop clocked by clk)
  Path Group: clk
  Path Type: min

  Point                                           Incr       Path
  ------------------------------------------------------------------
  clock clk (rise edge)                           0.00       0.00
  clock network delay (ideal)                     0.00       0.00
  input external delay                            0.10       0.10 f
  in_valid (in)                                   1.45       1.55 f
  out_valid_reg/D (ASYNC_DFFHx1_ASAP7_75t_R)      0.00       1.55 f
  data arrival time                                          1.55

  clock clk (rise edge)                           0.00       0.00
  clock network delay (ideal)                     0.00       0.00
  clock uncertainty                               0.01       0.01
  out_valid_reg/CLK (ASYNC_DFFHx1_ASAP7_75t_R)
                                                  0.00       0.01 r
  library hold time                               5.86       5.87
  data required time                                         5.87
  ------------------------------------------------------------------
  data required time                                         5.87
  data arrival time                                         -1.55
  ------------------------------------------------------------------
  slack (VIOLATED)                                          -4.32


1
